[32m2026-10-01 14:57:51.743[0m | [1mINFO    [0m | [36mFinMind.data.finmind_api[0m:[36mlogin_by_token[0m:[36m89[0m - [1mLogin success[0m
[32m2026-10-01 14:57:51.892[0m | [1mINFO    [0m | [36mFinMind.data.finmind_api[0m:[36mlogin_by_token[0m:[36m89[0m - [1mLogin success[0m
FinMind token: token_present=True, source=FINMIND_TOKEN, token=eyJ0...py2s, login=ok
FinMind usage: 2280/6000, remain=3720
Incremental probe: stock_id=2330, latest_date=2026-10-01, status=ok
Build chips: total=285, workers=6, trend_days=3, threshold=15, lookback_days=21, output=AllStatic_Chips.csv, incremental=True, skipped=0, pending=284, latest_date=2026-10-01
stock_id=0056
name=元大高股息
chip_latest_date=2026-10-01
main_force_net=-22575
broker_diff=216
chip_signal_state=bearish_distributed
chips_status=ok
---
stock_id=00662
name=富邦NASDAQ
chip_latest_date=2026-10-01
main_force_net=118
broker_diff=34
chip_signal_state=neutral
chips_status=ok
---
stock_id=00878
name=國泰永續高股息
chip_latest_date=2026-10-01
main_force_net=-16360
broker_diff=233
chip_signal_state=bearish_distributed
chips_status=ok
---
stock_id=00892
name=富邦台灣半導體
chip_latest_date=2026-10-01
main_force_net=-322
broker_diff=165
chip_signal_state=neutral
chips_status=ok
---
stock_id=00919
name=群益台灣精選高息
chip_latest_date=2026-10-01
main_force_net=-90589
broker_diff=131
chip_signal_state=bearish_distributed
chips_status=ok
---
stock_id=00941
name=中信上游半導體
chip_latest_date=2026-10-01
main_force_net=568
broker_diff=-138
chip_signal_state=bullish_distributed
chips_status=ok
---
stock_id=1101
name=台泥
chip_latest_date=2026-10-01
main_force_net=-30070
broker_diff=180
chip_signal_state=neutral
chips_status=ok
---
stock_id=1216
name=統一
chip_latest_date=2026-10-01
main_force_net=-713
broker_diff=336
chip_signal_state=bearish_distributed
chips_status=ok
---
stock_id=1301
name=台塑
chip_latest_date=2026-10-01
main_force_net=-5271
broker_diff=90
chip_signal_state=neutral
chips_status=ok
---
stock_id=1303
name=南亞
chip_latest_date=2026-10-01
main_force_net=-9805
broker_diff=1
chip_signal_state=neutral
chips_status=ok
---
stock_id=1319
name=東陽
chip_latest_date=2026-10-01
main_force_net=-57
broker_diff=51
chip_signal_state=bearish_distributed
chips_status=ok
---
stock_id=1326
name=台化
chip_latest_date=2026-10-01
main_force_net=-8595
broker_diff=186
chip_signal_state=neutral
chips_status=ok
---
stock_id=1402
name=遠東新
chip_latest_date=2026-10-01
main_force_net=-2075
broker_diff=238
chip_signal_state=neutral
chips_status=ok
---
stock_id=1503
name=士電
chip_latest_date=2026-10-01
main_force_net=-2
broker_diff=89
chip_signal_state=neutral
chips_status=ok
---
stock_id=1504
name=東元
chip_latest_date=2026-10-01
main_force_net=122
broker_diff=36
chip_signal_state=neutral
chips_status=ok
---
stock_id=1513
name=中興電
chip_latest_date=2026-10-01
main_force_net=-412
broker_diff=165
chip_signal_state=neutral
chips_status=ok
---
stock_id=1514
name=亞力
chip_latest_date=2026-10-01
main_force_net=21
broker_diff=26
chip_signal_state=bullish_distributed
chips_status=ok
---
stock_id=1519
name=華城
chip_latest_date=2026-10-01
main_force_net=-343
broker_diff=393
chip_signal_state=bearish_distributed
chips_status=ok
---
stock_id=1532
name=勤美
chip_latest_date=2026-10-01
main_force_net=0
broker_diff=10
chip_signal_state=neutral
chips_status=ok
---
stock_id=1560
name=中砂
chip_latest_date=2026-10-01
main_force_net=223
broker_diff=-83
chip_signal_state=neutral
chips_status=ok
---
stock_id=1590
name=亞德客-KY
chip_latest_date=2026-10-01
main_force_net=-38
broker_diff=265
chip_signal_state=neutral
chips_status=ok
---
stock_id=1605
name=華新
chip_latest_date=2026-10-01
main_force_net=-2061
broker_diff=14
chip_signal_state=neutral
chips_status=ok
---
stock_id=1711
name=永光
chip_latest_date=2026-10-01
main_force_net=-113
broker_diff=49
chip_signal_state=neutral
chips_status=ok
---
stock_id=1717
name=長興
chip_latest_date=2026-10-01
main_force_net=-1084
broker_diff=53
chip_signal_state=neutral
chips_status=ok
---
stock_id=1727
name=中華化
chip_latest_date=2026-10-01
main_force_net=2311
broker_diff=-20
chip_signal_state=neutral
chips_status=ok
---
stock_id=1785
name=光洋科
chip_latest_date=2026-10-01
main_force_net=-1431
broker_diff=105
chip_signal_state=neutral
chips_status=ok
---
stock_id=1802
name=台玻
chip_latest_date=2026-10-01
main_force_net=-5148
broker_diff=124
chip_signal_state=neutral
chips_status=ok
---
stock_id=1815
name=富喬
chip_latest_date=2026-10-01
main_force_net=-3798
broker_diff=14
chip_signal_state=bearish_distributed
chips_status=ok
---
stock_id=2002
name=中鋼
chip_latest_date=2026-10-01
main_force_net=-16082
broker_diff=225
chip_signal_state=neutral
chips_status=ok
---
stock_id=2059
name=川湖
chip_latest_date=2026-10-01
main_force_net=-48
broker_diff=368
chip_signal_state=bearish_distributed
chips_status=ok
---
rows= 285
status= {'ok': 285}
No stock_id selected; skip single-stock print.
